
[36m======================================================================[0m
[36m  RuneshapePriceChecker v1.0.0 Pre-Release Tests[0m
[36m======================================================================[0m
  Exe: C:\1.Path stuff\RuneshapePriceChecker\bin\Release\RuneshapePriceChecker.exe


[36m======================================================================[0m
[36m  TEST 1: Changelog before setup[0m
[36m======================================================================[0m

[33m--- 1a: No changelog ---[0m
  [32m[PASS][0m 1a: Setup triggered
        [90mOK[0m

[33m--- 1b: Changelog blocks + UI dismiss ---[0m
  [32m[PASS][0m 1b: Setup after changelog
        [90mBoth appeared (expected)[0m

[33m--- 1c: Setup done, changelog only ---[0m
  [32m[PASS][0m 1c: No setup
        [90mCorrect[0m

[36m======================================================================[0m
[36m  TEST 2: Initial setup[0m
[36m======================================================================[0m

[33m--- 2a: Fresh install ---[0m
